MySQL Shell 8.0.32

Copyright (c) 2016, 2023, Oracle and/or its affiliates.
Oracle is a registered trademark of Oracle Corporation and/or its affiliates.
Other names may be trademarks of their respective owners.

Type '\help' or '\?' for help; '\quit' to exit.
 MySQL  JS > \sql
Switching to SQL mode... Commands end with ;
 MySQL  SQL > \connect --mc root@localhost
Creating a Classic session to 'root@localhost'
Fetching global names for auto-completion... Press ^C to stop.
Your MySQL connection id is 11
Server version: 8.0.32 MySQL Community Server - GPL
No default schema selected; type \use <schema> to set one.
 MySQL  localhost:3306 ssl  SQL > show databases;
+--------------------+
| Database           |
+--------------------+
| agencia            |
| evaluacíon_1       |
| information_schema |
| mysql              |
| performance_schema |
| sakila             |
| sys                |
| world              |
+--------------------+
8 rows in set (0.0019 sec)
 MySQL  localhost:3306 ssl  SQL > create database credit_cards;
Query OK, 1 row affected (0.0391 sec)
 MySQL  localhost:3306 ssl  SQL > show databases;
+--------------------+
| Database           |
+--------------------+
| agencia            |
| credit_cards       |
| evaluacíon_1       |
| information_schema |
| mysql              |
| performance_schema |
| sakila             |
| sys                |
| world              |
+--------------------+
9 rows in set (0.0018 sec)
 MySQL  localhost:3306 ssl  SQL > \use credit_cards;
Default schema set to `credit_cards`.
Fetching global names, object names from `credit_cards` for auto-completion... Press ^C to stop.
 MySQL  localhost:3306 ssl  credit_cards  SQL > show tables;
Empty set (0.0230 sec)
 MySQL  localhost:3306 ssl  credit_cards  SQL > drop credit_cards;
ERROR: 1064 (42000): You have an error in your SQL syntax; check the manual that corresponds to your MySQL server version for the right syntax to use near 'credit_cards' at line 1
 MySQL  localhost:3306 ssl  credit_cards  SQL > drop database credit_cards;
Query OK, 0 rows affected (0.0938 sec)
 MySQL  localhost:3306 ssl  credit_cards  SQL > show databases;
+--------------------+
| Database           |
+--------------------+
| agencia            |
| evaluacíon_1       |
| information_schema |
| mysql              |
| performance_schema |
| sakila             |
| sys                |
| world              |
+--------------------+
8 rows in set (0.0054 sec)
 MySQL  localhost:3306 ssl  credit_cards  SQL > create database practica_3;
Query OK, 1 row affected (0.0077 sec)
 MySQL  localhost:3306 ssl  credit_cards  SQL > create table credit_cards;
ERROR: 1046 (3D000): No database selected
 MySQL  localhost:3306 ssl  credit_cards  SQL > \use practica_3;
Default schema set to `practica_3`.
Fetching global names, object names from `practica_3` for auto-completion... Press ^C to stop.
 MySQL  localhost:3306 ssl  practica_3  SQL > create table credit_cards;
ERROR: 4028 (HY000): A table must have at least one visible column.
 MySQL  localhost:3306 ssl  practica_3  SQL > create table credit_cards(
                                           -> id int auto_increment key,
                                           -> ;
ERROR: 1064 (42000): You have an error in your SQL syntax; check the manual that corresponds to your MySQL server version for the right syntax to use near '' at line 2
 MySQL  localhost:3306 ssl  practica_3  SQL > create table credit_cards(
                                           -> ;
ERROR: 1064 (42000): You have an error in your SQL syntax; check the manual that corresponds to your MySQL server version for the right syntax to use near '' at line 1
 MySQL  localhost:3306 ssl  practica_3  SQL > create table credit_cards(
                                           -> id int auto_increment key,
                                           -> card_type_fn varchar(30) not null                                              card_type_fn varchar(30) not nul;ERROR: 1064 (42000): You have an error in your SQL syntax; check the manual that corresponds to your MySQL server version for the right syntax to use near 'nul' at line 3
 MySQL  localhost:3306 ssl  practica_3  SQL > id int auto_increment key not null,
                                           -> create table credit_cards( id int auto_increment key, card_type_fn varchar(30) not nul;
ERROR: 1064 (42000): You have an error in your SQL syntax; check the manual that corresponds to your MySQL server version for the right syntax to use near 'create table credit_cards( id int auto_increment key, card_type_fn varchar(30) n' at line 3
 MySQL  localhost:3306 ssl  practica_3  SQL > create table credit_cards(
                                           -> id int auto_increment key,
                                           -> card_type_fn varchar(30) not null,
                                           -> bank varchar(20) not null,
                                           -> card_number int not null,
                                           -> headline varchar(50) noy null,
                                           -> ccv_ccv2 int not null,
                                           -> issue_date int not null,
                                           -> expiry_date int not null,
                                           -> billin_date int not null,
                                           -> pin int not null,
                                           -> credit_limit int not null);
ERROR: 1064 (42000): You have an error in yourcreate table credit_cards( id int auto_increment key, card_type_fn varchar(30) not null, bank varchar(20) not null, card_number int not null, headline varchar(50) noy null, ccv_ccv2 int not null, issue_date int not null, expiry_date int not null, billin_date int not null, pin int not null, credit_limit int not null);
ERROR: 1064 (42000): You have an error in your SQL syntax; check the manual that corresponds to your MySQL server version for the right syntax to use near 'noy null, ccv_ccv2 int not null, issue_date int not null, expiry_date int not nu' at line 1_date int not null, expiry_date int not null, billin_date int not null, pin int not null, credit_limit int not null);
 MySQL  localhost:3306 ssl  practica_3  SQL > ;reate table credit_cards( id int auto_increment key, card_type_fn varchar(30) not null, bank varchar(20) not null, card_number int not null,
ERROR: 1065 (42000): Query was emptycv2 int not null, issue_date int not null, expiry_date int not null, billin_date int not null, pin int not null, credit_limit int not null);
 MySQL  localhost:3306 ssl  practica_3  SQL > create table credit_cards( id int auto_increment key, card_type_fn varchar(30) not null, bank varchar(20) not null, card_number int not null, headline varchar(50) noy null, ccv_ccv2 int not null, issuedate int not null, expirydate int not null, billindate int not null, pin int not null, credit_limit int not null);
ERROR: 1064 (42000): You have an error in your SQL syntax; check the manual that corresponds to your MySQL server version for the right syntax to use near 'noy null, ccv_ccv2 int not null, issuedate int not null, expirydate int not null' at line 1
 MySQL  localhost:3306 ssl  practica_3  SQL > create table credit_cards(
                                           -> id int auto_increment key,
                                           -> card_type_fn varchar(30) not null,
                                           -> bank varchar(20) not null,
                                           -> card_number int not null,
                                           -> headline varchar(50) noy null,
                                           -> security_code int not null,
                                           -> date_of_issue int not null,
                                           -> expiration_date int not null,
                                           -> cutoff_date int not null,
                                           -> create table credit_cards( id int auto_increment key, card_type_fn varchar(30) not null, bank varchar(20) not null, card_number int not null, headline varchar(50) noy null, security_code int not null, date_of_issue int not null, expiration_date int not null, cutoff_date int not null, pin int not null, credit_limit int not null);ERROR: 1064 (42000): You have an error in your SQL syntax; check the manual that corresponds to your MySQL server version for the right syntax to use near 'noy null, security_code int not null, date_of_issue int not null, expiration_dat' at line 1credit_cards( id int auto_increment key, card_type_fn varchar(30) not null, bank varchar(20) not null, card_number int not null,
 MySQL  localhost:3306 ssl  practica_3  SQL > ;t not null, date_of_issue int not null, expiration_date int not null, cutoff_date int not null, pin int not null, credit_limit int not null);ERROR: 1065 (42000): Query was empty
 MySQL  localhost:3306 ssl  practica_3  SQL > create table credit_cards( id int auto_increment key, card_type_fn varchar(30) not null, bank varchar(20) not null, card_number int not null, headline varchar(50) noy null, security_code int not null, date_of_issue int not null, expiration_date int not null, cutoff_date int not null, pin int not null, credit_limit int not null);
ERROR: 1064 (42000): You have an error in your SQL syntax; check the manual that corresponds to your MySQL server version for the right syntax to use near 'noy null, security_code int not null, date_of_issue int not null, expiration_dat' at line 1
 MySQL  localhost:3306 ssl  practica_3  SQL > create table credit_cards( id int auto_increment key, card_type_fn varchar(30) not null, bank varchar(20) not null, card_number int not null, headline varchar(50) noy null, security_code int not null, date_of_issue int not null, expiration_date int not null, cutoff_date int not null, pin int not null, credit_limit int not null);
ERROR: 1064 (42000): You have an error in your SQL syntax; check the manual that corresponds to your MySQL server version for the right syntax to use near 'noy null, security_code int not null, date_of_issue int not null, expiration_dat' at line 1
 MySQL  localhost:3306 ssl  practica_3  SQL > create table credit_cards( id int auto_increment key, card_type_fn varchar(30) not null, bank varchar(20) not null, card_number int not null, headline varchar(50) noy null, security_code int, date_of_issue, expiration_date int, cutoff_date int not null, pin int not null, credit_limit int not null);
ERROR: 1064 (42000): You have an error in your SQL syntax; check the manual that corresponds to your MySQL server version for the right syntax to use near 'noy null, security_code int, date_of_issue, expiration_date int, cutoff_date int' at line 1
 MySQL  localhost:3306 ssl  practica_3  SQL > ;
ERROR: 1065 (42000): Query was empty
 MySQL  localhost:3306 ssl  practica_3  SQL > ;
ERROR: 1065 (42000): Query was empty
 MySQL  localhost:3306 ssl  practica_3  SQL > ;
ERROR: 1065 (42000): Query was empty
 MySQL  localhost:3306 ssl  practica_3  SQL > create table credit_cards( id int auto_increment key, card_type_fn varchar(30) not null, bank varchar(20) not null, card_number int not null, headline varchar(50) noy null, security_code int, date_of_issue, expiration_date int, cutoff_date int not null, pin int not null, credit_limit int not null);
ERROR: 1064 (42000): You have an error in your SQL syntax; check the manual that corresponds to your MySQL server version for the right syntax to use near 'noy null, security_code int, date_of_issue, expiration_date int, cutoff_date int' at line 1
 MySQL  localhost:3306 ssl  practica_3  SQL > create table credit_cards(
                                           -> ;
ERROR: 1064 (42000): You have an error in your SQL syntax; check the manual that corresponds to your MySQL server version for the right syntax to use near '' at line 1
 MySQL  localhost:3306 ssl  practica_3  SQL > create table credit_card(
                                           -> id int auto_increment key,
                                           -> card_type_fn varchar(30) not null);
Query OK, 0 rows affected (0.0511 sec)
 MySQL  localhost:3306 ssl  practica_3  SQL > show tables;
+----------------------+
| Tables_in_practica_3 |
+----------------------+
| credit_card          |
+----------------------+
1 row in set (0.0035 sec)
 MySQL  localhost:3306 ssl  practica_3  SQL > desc credit_card;
+--------------+-------------+------+-----+---------+----------------+
| Field        | Type        | Null | Key | Default | Extra          |
+--------------+-------------+------+-----+---------+----------------+
| id           | int         | NO   | PRI | NULL    | auto_increment |
| card_type_fn | varchar(30) | NO   |     | NULL    |                |
+--------------+-------------+------+-----+---------+----------------+
2 rows in set (0.0110 sec)
 MySQL  localhost:3306 ssl  practica_3  SQL > drop table credit_card;
Query OK, 0 rows affected (0.0208 sec)
 MySQL  localhost:3306 ssl  practica_3  SQL > create table credit_card(
                                           -> id int auto_increment key,
                                           -> card_type_fn varchar(30) not null,
                                           -> bank varchar(20) not null,
                                           -> card_number int not null,
                                           -> headline varchar(50) not null,
                                           -> security_code int not null,
                                           -> date_of_issue int not null,
                                           -> expiration_date int not null,
                                           -> cutoff_date int not null,
                                           -> pin int not null,
                                           -> credit_limit int not null);
Query OK, 0 rows affected (0.0216 sec)
 MySQL  localhost:3306 ssl  practica_3  SQL > show tables;
+----------------------+
| Tables_in_practica_3 |
+----------------------+
| credit_card          |
+----------------------+
1 row in set (0.0019 sec)
 MySQL  localhost:3306 ssl  practica_3  SQL > desc credit_card;
+-----------------+-------------+------+-----+---------+----------------+
| Field           | Type        | Null | Key | Default | Extra          |
+-----------------+-------------+------+-----+---------+----------------+
| id              | int         | NO   | PRI | NULL    | auto_increment |
| card_type_fn    | varchar(30) | NO   |     | NULL    |                |
| bank            | varchar(20) | NO   |     | NULL    |                |
| card_number     | int         | NO   |     | NULL    |                |
| headline        | varchar(50) | NO   |     | NULL    |                |
| security_code   | int         | NO   |     | NULL    |                |
| date_of_issue   | int         | NO   |     | NULL    |                |
| expiration_date | int         | NO   |     | NULL    |                |
| cutoff_date     | int         | NO   |     | NULL    |                |
| pin             | int         | NO   |     | NULL    |                |
| credit_limit    | int         | NO   |     |insert into credit_card( card_type_fn, bank, card_number, headline, security_code, date_of_issue, expiration_date, cutoff_date, pin, credit_limit) values(('American Express',('American Express',340383198517962, 'Karly M Sorria', 7758, 42583, 46600, 23, 6065, 27;700);
ERROR: 1064 (42000): You have an error in your SQL syntax; check the manual that corresponds to your MySQL server version for the right syntax to use near '' at line 1_date, pin, credit_liERROR: 1064 (42000): You have an error in your SQL syntax; check the manual that corresponds to your MySQL server version for the right syntax to use near '700)' at line 1
 MySQL  localhost:3306 ssl  practica_3  SQL > ;nsert into credit_card( card_type_fn, bank, card_number, headline, security_code, date_of_issue, expiration_date, cutoff_date, pin, credit_liERROR: 1065 (42000): Query was emptyerican Express',340383198517962, 'Karly M Sorria', 7758, 42583, 46600, 23, 6065, 27700);
 MySQL  localhost:3306 ssl  practica_3  SQL > ;nsert into credit_card( card_type_fn, bank, card_number, headline, security_code, date_of_issue, expiration_date, cutoff_date, pin, credit_liERROR: 1065 (42000): Query was emptyerican Express',340383198517962, 'Karly M Sorria', 7758, 42583, 46600, 23, 6065, 27700);
 MySQL  localhost:3306 ssl  practica_3  SQL > ;nsert into credit_card( card_type_fn, bank, card_number, headline, security_code, date_of_issue, expiration_date, cutoff_date, pin, credit_liERROR: 1065 (42000): Query was emptyerican Express',340383198517962, 'Karly M Sorria', 7758, 42583, 46600, 23, 6065, 27700);
 MySQL  localhost:3306 ssl  practica_3  SQL > ;nsert into credit_card( card_type_fn, bank, card_number, headline, security_code, date_of_issue, expiration_date, cutoff_date, pin, credit_liERROR: 1065 (42000): Query was emptyerican Express',340383198517962, 'Karly M Sorria', 7758, 42583, 46600, 23, 6065, 27700);ate_of_issue, expiration_date, cutoff_date, pin, credit_limit)
 MySQL  localhost:3306 ssl  practica_3  SQL > ;nsert into credit_card( card_type_fn, bank, card_number, headline, security_code, date_of_issue, expiration_date, cutoff_date, pin, credit_liERROR: 1065 (42000): Query was emptyerican Express',340383198517962, 'Karly M Sorria', 7758, 42583, 46600, 23, 6065, 27700);r the right syntax to use near '' at line 2
 MySQL  localhost:3306 ssl  practica_3  SQL > ;nsert into credit_card( card_type_fn, bank, card_number, headline, security_code, date_of_issue, expiration_date, cutoff_date, pin, credit_liERROR: 1065 (42000): Query was emptyerican Express',340383198517962, 'Karly M Sorria', 7758, 42583, 46600, 23, 6065, 27700);
 MySQL  localhost:3306 ssl  practica_3  SQL > ;
ERROR: 1065 (42000): Query was empty
 MySQL  localhost:3306 ssl  practica_3  SQL > insert into credit_card( card_type_fn, bank, card_number, headline, security_code, date_of_issue, expiration_date, cutoff_date, pin, credit_limit) values('American Express',('American Express',340383198517962, 'Karly M Sorria', 7758, 42583, 46600, 23, 6065, 27;700);
ERROR: 1064 (42000): You have an error in your SQL syntax; check the manual that corresponds to your MySQL server version for the right syntax to use near '' at line 1
ERROR: 1064 (42000): You have an error in your SQL syntax; check the manual that corresponds to your MySQL server version for the right syntax to use near '700)' at line 1
 MySQL  localhost:3306 ssl  practica_3  SQL > insert into credit_card( card_type_fn, bank, card_number, headline, security_code, date_of_issue, expiration_date, cutoff_date, pin, credit_limit) values('American Express',('American Express',340383198517962, 'Karly M Sorria', 7758, 42583, 46600, 23, 6065, 27700);
ERROR: 1064 (42000): You have an error in your SQL syntax; check the manual that corresponds to your MySQL server version for the right syntax to use near '' at line 1
 MySQL  localhost:3306 ssl  practica_3  SQL > insert into credit_card(card_type_fn, bank, card_number, headline, security_code, date_of_issue, expiration_date, cutoff_date, pin, credit_limit) values('American Express','American Express',340383198517962,'Karly M Sorria',7758,42583,46600,23,6065,27700);
ERROR: 1264 (22003): Out of range value for column 'card_number' at row 1
 MySQL  localhost:3306 ssl  practica_3  SQL > select * from credit_card;
Empty set (0.0015 sec)
 MySQL  localhost:3306 ssl  practica_3  SQL > insert into credit_card(card_type_fn, bank, card_number, headline, security_code, date_of_issue, expiration_date, cutoff_date, pin, credit_limit) values('American Express','American Express',3403831985179,'Karly M Sorria',7758,42583,46600,23,6065,27700);
ERROR: 1264 (22003): Out of range value for column 'card_number' at row 1
 MySQL  localhost:3306 ssl  practica_3  SQL > insert into credit_card(card_type_fn, bank, card_number, headline, security_code, date_of_issue, expiration_date, cutoff_date, pin, credit_limit) values('American Express','American Express',3403831985,'Karly M Sorria',7758,42583,46600,23,6065,27700);
ERROR: 1264 (22003): Out of range value for column 'card_number' at row 1
 MySQL  localhost:3306 ssl  practica_3  SQL > drop table credit_card;
Query OK, 0 rows affected (0.0152 sec)
 MySQL  localhost:3306 ssl  practica_3  SQL > create table credit_card( id int auto_increment key, card_type_fn varchar(30) not null, bank varchar(20) not null, card_number int not null, headline varchar(50) not null, security_code int not null, date_of_issue int not null, expiration_date int not null, cutoff_date int not null, pin int not null, credit_limit int not null);
Query OK, 0 rows affected (0.0173 sec)
 MySQL  localhost:3306 ssl  practica_3  SQL > insert into credit_card(card_type_fn, bank, card_number, headline, security_code, date_of_issue, expiration_date, cutoff_date, pin, credit_limit) values('American Express','American Express', 3403831985, 'Karly M Sorria', 7758, 42583, 46600, 23, 6065, 27700);
ERROR: 1264 (22003): Out of range value for column 'card_number' at row 1
 MySQL  localhost:3306 ssl  practica_3  SQL > insert into credit_card(card_type_fn, bank, card_number, headline, security_code, date_of_issue, expiration_date, cutoff_date, pin, credit_limit) values('American Express','American Express', 34038319, 'Karly M Sorria', 7758, 42583, 46600, 23, 6065, 27700);
Query OK, 1 row affected (0.0111 sec)
 MySQL  localhost:3306 ssl  practica_3  SQL > select * from credit_card;
+----+------------------+------------------+-------------+----------------+---------------+---------------+-----------------+-------------+------+--------------+
| id | card_type_fn     | bank             | card_number | headline       | security_code | date_of_issue | expiration_date | cutoff_date | pin  | credit_limit |
+----+------------------+------------------+-------------+----------------+---------------+---------------+-----------------+-------------+------+--------------+
|  1 | American Express | American Express |    34038319 | Karly M Sorria |          7758 |         42583 |           46600 |          23 | 6065 |        27700 |
+----+------------------+------------------+-------------+----------------+---------------+---------------+-----------------+-------------+------+--------------+
1 row in set (0.0013 sec)
 MySQL  localhost:3306 ssl  practica_3  SQL > insert into credit_card(card_type_fn, bank, card_number, headline, security_code, date_of_issue, expiration_date, cutoff_date, pin, credit_limit) values('Master Card', 'Citibank', 5306997581, 'Ruby Holder', 84, 39356, 41548, 4, 9037, 116400);
ERROR: 1264 (22003): Out of range value for column 'card_number' at row 1
 MySQL  localhost:3306 ssl  practica_3  SQL > insert into credit_card(card_type_fn, bank, card_number, headline, security_code, date_of_issue, expiration_date, cutoff_date, pin, credit_limit) values('Master Card', 'Citibank',5306997581, 'Ruby Holder', 84, 39356, 41548, 4, 9037, 116400)
                                           -> ;
ERROR: 1264 (22003): Out of range value for column 'card_number' at row 1
 MySQL  localhost:3306 ssl  practica_3  SQL > insert into credit_card(card_type_fn, bank, card_number, headline, security_code, date_of_issue, expiration_date, cutoff_date, pin, credit_limit) values('Master Card', 'Citibank', 530699758, 'Ruby Holder', 84, 39356, 41548, 4, 9037, 116400);
Query OK, 1 row affected (0.0039 sec)
 MySQL  localhost:3306 ssl  practica_3  SQL > select * from credit_card;
+----+------------------+------------------+-------------+----------------+---------------+---------------+-----------------+-------------+------+--------------+
| id | card_type_fn     | bank             | card_number | headline       | security_code | date_of_issue | expiration_date | cutoff_date | pin  | credit_limit |
+----+------------------+------------------+-------------+----------------+---------------+---------------+-----------------+-------------+------+--------------+
|  1 | American Express | American Express |    34038319 | Karly M Sorria |          7758 |         42583 |           46600 |          23 | 6065 |        27700 |
|  2 | Master Card      | Citibank         |   530699758 | Ruby Holder    |            84 |         39356 |           41548 |           4 | 9037 |       116400 |
+----+------------------+------------------+-------------+----------------+---------------+---------------+-----------------+-------------+------+--------------+
2 rows in set (0.0009 sec)
 MySQL  localhost:3306 ssl  practica_3  SQL > insert into credit_card(card_type_fn, bank, card_number, headline, security_code, date_of_issue, expiration_date, cutoff_date, pin, credit_limit) values('Diners Club International', 'Diners Club', 3094594991, 'Omar W Hutto', 568, 39203, 41760, 12, 4358, 67400);
ERROR: 1264 (22003): Out of range value for column 'card_number' at row 1
 MySQL  localhost:3306 ssl  practica_3  SQL > insert into credit_card(card_type_fn, bank, card_number, headline, security_code, date_of_issue, expiration_date, cutoff_date, pin, credit_limit) values('Diners Club International', 'Diners Club', 309459499, 'Omar W Hutto', 568, 39203, 41760, 12, 4358, 67400);
Query OK, 1 row affected (0.0075 sec)
 MySQL  localhost:3306 ssl  practica_3  SQL > select * from credit_card;
+----+---------------------------+------------------+-------------+----------------+---------------+---------------+-----------------+-------------+------+--------------+
| id | card_type_fn              | bank             | card_number | headline       | security_code | date_of_issue | expiration_date | cutoff_date | pin  | credit_limit |
+----+---------------------------+------------------+-------------+----------------+---------------+---------------+-----------------+-------------+------+--------------+
|  1 | American Express          | American Express |    34038319 | Karly M Sorria |          7758 |         42583 |           46600 |          23 | 6065 |        27700 |
|  2 | Master Card               | Citibank         |   530699758 | Ruby Holder    |            84 |         39356 |           41548 |           4 | 9037 |       116400 |
|  3 | Diners Club International | Diners Club      |   309459499 | Omar W Hutto   |           568 |         39203 |           41760 |          12 | 4358 |        67400 |
+----+---------------------------+------------------+-------------+----------------+---------------+---------------+-----------------+-------------+------+--------------+
3 rows in set (0.0007 sec)
 MySQL  localhost:3306 ssl  practica_3  SQL > insert into credit_card(card_type_fn, bank, card_number, headline, security_code, date_of_issue, expiration_date, cutoff_date, pin, credit_limit) values('Diners Club International', 'Diners Club', 3053791173, 'Joe Tanner', 804, 40848, 41579, 3, 2536, 121900);
ERROR: 1264 (22003): Out of range value for column 'card_number' at row 1
 MySQL  localhost:3306 ssl  practica_3  SQL > insert into credit_card(card_type_fn, bank, card_number, headline, security_code, date_of_issue, expiration_date, cutoff_date, pin, credit_limit) values('Diners Club International', 'Diners Club', 305379117, 'Joe Tanner', 804, 40848, 41579, 3, 2536, 121900);
Query OK, 1 row affected (0.0032 sec)
 MySQL  localhost:3306 ssl  practica_3  SQL > insert into credit_card(card_type_fn, bank, card_number, headline, security_code, date_of_issue, expiration_date, cutoff_date, pin, credit_limit) values('Visa', 'Ge Capital', 429773099, 'Vern F Weathers', 443, 41456, 45108, 5, 4815, 81800);
Query OK, 1 row affected (0.0037 sec)
 MySQL  localhost:3306 ssl  practica_3  SQL > insert into credit_card(card_type_fn, bank, card_number, headline, security_code, date_of_issue, expiration_date, cutoff_date, pin, credit_limit) values
                                           -> ;
ERROR: 1064 (42000): You have an error in your SQL syntax; check the manual that corresponds to your MySQL server version for the right syntax to use near '' at line 1
 MySQL  localhost:3306 ssl  practica_3  SQL > insert into credit_card(card_type_fn, bank, card_number, headline, security_code, date_of_issue, expiration_date, cutoff_date, pin, credit_limit) values('Japan Credit Bureau', 'JCB', 3560721478, 'Tyler F Burnett', 562, 40330, 43617, 14, 9035, 105100);
ERROR: 1264 (22003): Out of range value for column 'card_number' at row 1
 MySQL  localhost:3306 ssl  practica_3  SQL > insert into credit_card(card_type_fn, bank, card_number, headline, security_code, date_of_issue, expiration_date, cutoff_date, pin, credit_limit) values('Japan Credit Bureau', 'JCB', 3529109305, 'Colin L Halcomb', 505, 39904, 41000, 2, 6328, 76100);
ERROR: 1264 (22003): Out of range value for column 'card_number' at row 1
 MySQL  localhost:3306 ssl  practica_3  SQL > insert into credit_card(card_type_fn, bank, card_number, headline, security_code, date_of_issue, expiration_date, cutoff_date, pin, credit_limit) values('Japan Credit Bureau', 'JCB', 356072147, 'Tyler F Burnett', 562, 40330, 43617, 14, 9035, 105100);
Query OK, 1 row affected (0.0043 sec)
 MySQL  localhost:3306 ssl  practica_3  SQL > insert into credit_card(card_type_fn, bank, card_number, headline, security_code, date_of_issue, expiration_date, cutoff_date, pin, credit_limit) values('Japan Credit Bureau', 'JCB', 352910930, 'Colin L Halcomb', 505, 39904, 41000, 2, 6328, 76100);
Query OK, 1 row affected (0.0044 sec)
 MySQL  localhost:3306 ssl  practica_3  SQL > insert into credit_card(card_type_fn, bank, card_number, headline, security_code, date_of_issue, expiration_date, cutoff_date, pin, credit_limit) values('Visa', 'Chase', 4652251681, 'Elsie A Harding', 32, 39173, 45383, 5, 561, 28700);
ERROR: 1264 (22003): Out of range value for column 'card_number' at row 1
 MySQL  localhost:3306 ssl  practica_3  SQL > insert into credit_card(card_type_fn, bank, card_number, headline, security_code, date_of_issue, expiration_date, cutoff_date, pin, credit_limit) values('Visa', 'Chase', 465225168, 'Elsie A Harding', 32, 39173, 45383, 5, 561, 28700);
Query OK, 1 row affected (0.0056 sec)
 MySQL  localhost:3306 ssl  practica_3  SQL > select * from credit_card;
+----+---------------------------+------------------+-------------+-----------------+---------------+---------------+-----------------+-------------+------+--------------+
| id | card_type_fn              | bank             | card_number | headline        | security_code | date_of_issue | expiration_date | cutoff_date | pin  | credit_limit |
+----+---------------------------+------------------+-------------+-----------------+---------------+---------------+-----------------+-------------+------+--------------+
|  1 | American Express          | American Express |    34038319 | Karly M Sorria  |          7758 |         42583 |           46600 |          23 | 6065 |        27700 |
|  2 | Master Card               | Citibank         |   530699758 | Ruby Holder     |            84 |         39356 |           41548 |           4 | 9037 |       116400 |
|  3 | Diners Club International | Diners Club      |   309459499 | Omar W Hutto    |           568 |         39203 |           41760 |          12 | 4358 |        67400 |
|  4 | Diners Club International | Diners Club      |   305379117 | Joe Tanner      |           804 |         40848 |           41579 |           3 | 2536 |       121900 |
|  5 | Visa                      | Ge Capital       |   429773099 | Vern F Weathers |           443 |         41456 |           45108 |           5 | 4815 |        81800 |
|  6 | Japan Credit Bureau       | JCB              |   356072147 | Tyler F Burnett |           562 |         40330 |           43617 |          14 | 9035 |       105100 |
|  7 | Japan Credit Bureau       | JCB              |   352910930 | Colin L Halcomb |           505 |         39904 |           41000 |           2 | 6328 |        76100 |
|  8 | Visa                      | Chase            |   465225168 | Elsie A Harding |            32 |         39173 |           45383 |           5 |  561 |        28700 |
+----+---------------------------+------------------+-------------+-----------------+---------------+---------------+-----------------+-------------+------+--------------+
8 rows in set (0.0010 sec)
 MySQL  localhost:3306 ssl  practica_3  SQL > insert into credit_card(card_type_fn, bank, card_number, headline, security_code, date_of_issue, expiration_date, cutoff_date, pin, credit_limit) values('American Express', 'American Express', 3729114039, 'Hal Dietz', 7438, 41426, 44713, 4, 1594, 39300);
ERROR: 1264 (22003): Out of range value for column 'card_number' at row 1
 MySQL  localhost:3306 ssl  practica_3  SQL > insert into credit_card(card_type_fn, bank, card_number, headline, security_code, date_of_issue, expiration_date, cutoff_date, pin, credit_limit) values('American Express', 'American Express', 372911403, 'Hal Dietz', 7438, 41426, 44713, 4, 1594, 39300);
Query OK, 1 row affected (0.0043 sec)
 MySQL  localhost:3306 ssl  practica_3  SQL > insert into credit_card(card_type_fn, bank, card_number, headline, security_code, date_of_issue, expiration_date, cutoff_date, pin, credit_limit) values('Visa', 'Citibank', 441439441, 'Craig U Parsons', 822, 42005, 44562, 11, 9174, 105100);
Query OK, 1 row affected (0.0045 sec)
 MySQL  localhost:3306 ssl  practica_3  SQL > insert into credit_card(card_type_fn, bank, card_number, headline, security_code, date_of_issue, expiration_date, cutoff_date, pin, credit_limit) values('Master Card', 'Barclays', 533669805, 'Cliff Q Car', 120, 40238, 46813, 11, 8774, 126000);
Query OK, 1 row affected (0.0044 sec)
 MySQL  localhost:3306 ssl  practica_3  SQL > insert into credit_card(card_type_fn, bank, card_number, headline, security_code, date_of_issue, expiration_date, cutoff_date, pin, credit_limit) values('Master Card', 'Barclays', 53insert into credit_card(card_type_fn, bank, card_number, headline, security_code, date_of_issue, expiration_date, cutoff_date, pin, credit_limit) values('Visa', 'Citibank', 441439441insert into credit_card(card_type_fn, bank, card_number, headline, security_code, date_of_issue, expiration_date, cutoff_date, pin, credit_limit) values('American Express', 'Americaninsert into credit_card(card_type_fn, bank, card_number, headline, security_code, date_of_issue, expiration_date, cutoff_date, pin, credit_limit) values('American Express', 'Americaninsert into credit_card(card_type_fn, bank, card_number, headline, security_code, date_of_issue, expiration_date, cutoff_date, pin, credit_limit) values('Visa', 'Chase', 465225168, 'insert into credit_card(card_type_fn, bank, card_number, headline, security_code, date_of_issue, expiration_date, cutoff_date, pin, credit_limit) values('Visa', 'Chase', 4652251681, insert into credit_card(card_type_fn, bank, card_number, headline, security_code, date_of_issue, expiration_date, cutoff_date, pin, credit_limit) values('Japan Credit Bureau', 'JCB',insert into credit_card(card_type_fn, bank, card_number, headline, security_code, date_of_issue, expiration_date, cutoff_date, pin, credit_limit) values('Japan Credit Bureau', 'JCB', 352910930, 'Colin L Halcomb', 505, 39904, 41000, 2, 6328, 76100);
Query OK, 1 row affected (0.0043 sec)
 MySQL  localhost:3306 ssl  practica_3  SQL > insert into credit_card(card_type_fn, bank, card_number, headline, security_code, date_of_issue, expiration_date, cutoff_date, pin, credit_limit) values('Diners Club International', 'Diners Club', 3054233211, 'Santos Hutchison', 31, 41913, 43739, 12, 6483, 157500);
ERROR: 1264 (22003): Out of range value for column 'card_number' at row 1
 MySQL  localhost:3306 ssl  practica_3  SQL > insert into credit_card(card_type_fn, bank, card_number, headline, security_code, date_of_issue, expiration_date, cutoff_date, pin, credit_limit) values('Diners Club International', 'Diners Club', 305423321, 'Santos Hutchison', 31, 41913, 43739, 12, 6483, 157500);
Query OK, 1 row affected (0.0043 sec)
 MySQL  localhost:3306 ssl  practica_3  SQL > select * from credit_card;
+----+---------------------------+------------------+-------------+------------------+---------------+---------------+-----------------+-------------+------+--------------+
| id | card_type_fn              | bank             | card_number | headline         | security_code | date_of_issue | expiration_date | cutoff_date | pin  | credit_limit |
+----+---------------------------+------------------+-------------+------------------+---------------+---------------+-----------------+-------------+------+--------------+
|  1 | American Express          | American Express |    34038319 | Karly M Sorria   |          7758 |         42583 |           46600 |          23 | 6065 |        27700 |
|  2 | Master Card               | Citibank         |   530699758 | Ruby Holder      |            84 |         39356 |           41548 |           4 | 9037 |       116400 |
|  3 | Diners Club International | Diners Club      |   309459499 | Omar W Hutto     |           568 |         39203 |           41760 |          12 | 4358 |        67400 |
|  4 | Diners Club International | Diners Club      |   305379117 | Joe Tanner       |           804 |         40848 |           41579 |           3 | 2536 |       121900 |
|  5 | Visa                      | Ge Capital       |   429773099 | Vern F Weathers  |           443 |         41456 |           45108 |           5 | 4815 |        81800 |
|  6 | Japan Credit Bureau       | JCB              |   356072147 | Tyler F Burnett  |           562 |         40330 |           43617 |          14 | 9035 |       105100 |
|  7 | Japan Credit Bureau       | JCB              |   352910930 | Colin L Halcomb  |           505 |         39904 |           41000 |           2 | 6328 |        76100 |
|  8 | Visa                      | Chase            |   465225168 | Elsie A Harding  |            32 |         39173 |           45383 |           5 |  561 |        28700 |
|  9 | American Express          | American Express |   372911403 | Hal Dietz        |          7438 |         41426 |           44713 |           4 | 1594 |        39300 |
| 10 | Visa                      | Citibank         |   441439441 | Craig U Parsons  |           822 |         42005 |           44562 |          11 | 9174 |       105100 |
| 11 | Master Card               | Barclays         |   533669805 | Cliff Q Car      |           120 |         40238 |           46813 |          11 | 8774 |       126000 |
| 12 | Japan Credit Bureau       | JCB              |   352910930 | Colin L Halcomb  |           505 |         39904 |           41000 |           2 | 6328 |        76100 |
| 13 | Diners Club International | Diners Club      |   305423321 | Santos Hutchison |            31 |         41913 |           43739 |          12 | 6483 |       157500 |
+----+---------------------------+------------------+-------------+------------------+---------------+---------------+-----------------+-------------+------+--------------+
13 rows in set (0.0009 sec)
 MySQL  localhost:3306 ssl  practica_3  SQL > show databases;
+--------------------+
| Database           |
+--------------------+
| agencia            |
| evaluacíon_1       |
| information_schema |
| mysql              |
| performance_schema |
| practica_3         |
| sakila             |
| sys                |
| world              |
+--------------------+
9 rows in set (0.0032 sec)
 MySQL  localhost:3306 ssl  practica_3  SQL > \use evaluacíon_1
Default schema set to `evaluacíon_1`.
Fetching global names, object names from `evaluacíon_1` for auto-completion... Press ^C to stop.
 MySQL  localhost:3306 ssl  evaluacíon_1  SQL > show tables:;
ERROR: 1064 (42000): You have an error in your SQL syntax; check the manual that corresponds to your MySQL server version for the right syntax to use near ':' at line 1
 MySQL  localhost:3306 ssl  evaluacíon_1  SQL > show tables;
+------------------------+
| Tables_in_evaluacíon_1 |
+------------------------+
| actor                  |
| actor2                 |
| actor3                 |
| asignaturas            |
| carreras               |
| customer               |
| empleados              |
| estudiantes            |
| primera_tabla          |
| staff                  |
+------------------------+
10 rows in set (0.0016 sec)
 MySQL  localhost:3306 ssl  evaluacíon_1  SQL > desc actor;
+-------------+-------------------+------+-----+-------------------+-----------------------------------------------+
| Field       | Type              | Null | Key | Default           | Extra                                         |
+-------------+-------------------+------+-----+-------------------+-----------------------------------------------+
| actor_id    | smallint unsigned | NO   |     | 0                 |                                               |
| first_name  | varchar(45)       | NO   |     | NULL              |                                               |
| last_name   | varchar(45)       | NO   |     | NULL              |                                               |
| last_update | timestamp         | NO   |     | CURRENT_TIMESTAMP | DEFAULT_GENERATED on update CURRENT_TIMESTAMP |
+-------------+-------------------+------+-----+-------------------+-----------------------------------------------+
4 rows in set (0.0025 sec)
 MySQL  localhost:3306 ssl  evaluacíon_1  SQL > select * from actor
                                             -> ;
+----------+-------------+--------------+---------------------+
| actor_id | first_name  | last_name    | last_update         |
+----------+-------------+--------------+---------------------+
|        1 | PENELOPE    | GUINESS      | 2006-02-15 04:34:33 |
|        2 | NICK        | WAHLBERG     | 2006-02-15 04:34:33 |
|        3 | ED          | CHASE        | 2006-02-15 04:34:33 |
|        4 | JENNIFER    | DAVIS        | 2006-02-15 04:34:33 |
|        5 | JOHNNY      | LOLLOBRIGIDA | 2006-02-15 04:34:33 |
|        6 | BETTE       | NICHOLSON    | 2006-02-15 04:34:33 |
|        7 | GRACE       | MOSTEL       | 2006-02-15 04:34:33 |
|        8 | MATTHEW     | JOHANSSON    | 2006-02-15 04:34:33 |
|        9 | JOE         | SWANK        | 2006-02-15 04:34:33 |
|       10 | CHRISTIAN   | GABLE        | 2006-02-15 04:34:33 |
|       11 | ZERO        | CAGE         | 2006-02-15 04:34:33 |
|       12 | KARL        | BERRY        | 2006-02-15 04:34:33 |
|       13 | UMA         | WOOD         | 2006-02-15 04:34:33 |
|       14 | VIVIEN      | BERGEN       | 2006-02-15 04:34:33 |
|       15 | CUBA        | OLIVIER      | 2006-02-15 04:34:33 |
|       16 | FRED        | COSTNER      | 2006-02-15 04:34:33 |
|       17 | HELEN       | VOIGHT       | 2006-02-15 04:34:33 |
|       18 | DAN         | TORN         | 2006-02-15 04:34:33 |
|       19 | BOB         | FAWCETT      | 2006-02-15 04:34:33 |
|       20 | LUCILLE     | TRACY        | 2006-02-15 04:34:33 |
|       21 | KIRSTEN     | PALTROW      | 2006-02-15 04:34:33 |
|       22 | ELVIS       | MARX         | 2006-02-15 04:34:33 |
|       23 | SANDRA      | KILMER       | 2006-02-15 04:34:33 |
|       24 | CAMERON     | STREEP       | 2006-02-15 04:34:33 |
|       25 | KEVIN       | BLOOM        | 2006-02-15 04:34:33 |
|       26 | RIP         | CRAWFORD     | 2006-02-15 04:34:33 |
|       27 | JULIA       | MCQUEEN      | 2006-02-15 04:34:33 |
|       28 | WOODY       | HOFFMAN      | 2006-02-15 04:34:33 |
|       29 | ALEC        | WAYNE        | 2006-02-15 04:34:33 |
|       30 | SANDRA      | PECK         | 2006-02-15 04:34:33 |
|       31 | SISSY       | SOBIESKI     | 2006-02-15 04:34:33 |
|       32 | TIM         | HACKMAN      | 2006-02-15 04:34:33 |
|       33 | MILLA       | PECK         | 2006-02-15 04:34:33 |
|       34 | AUDREY      | OLIVIER      | 2006-02-15 04:34:33 |
|       35 | JUDY        | DEAN         | 2006-02-15 04:34:33 |
|       36 | BURT        | DUKAKIS      | 2006-02-15 04:34:33 |
|       37 | VAL         | BOLGER       | 2006-02-15 04:34:33 |
|       38 | TOM         | MCKELLEN     | 2006-02-15 04:34:33 |
|       39 | GOLDIE      | BRODY        | 2006-02-15 04:34:33 |
|       40 | JOHNNY      | CAGE         | 2006-02-15 04:34:33 |
|       41 | JODIE       | DEGENERES    | 2006-02-15 04:34:33 |
|       42 | TOM         | MIRANDA      | 2006-02-15 04:34:33 |
|       43 | KIRK        | JOVOVICH     | 2006-02-15 04:34:33 |
|       44 | NICK        | STALLONE     | 2006-02-15 04:34:33 |
|       45 | REESE       | KILMER       | 2006-02-15 04:34:33 |
|       46 | PARKER      | GOLDBERG     | 2006-02-15 04:34:33 |
|       47 | JULIA       | BARRYMORE    | 2006-02-15 04:34:33 |
|       48 | FRANCES     | DAY-LEWIS    | 2006-02-15 04:34:33 |
|       49 | ANNE        | CRONYN       | 2006-02-15 04:34:33 |
|       50 | NATALIE     | HOPKINS      | 2006-02-15 04:34:33 |
|       51 | GARY        | PHOENIX      | 2006-02-15 04:34:33 |
|       52 | CARMEN      | HUNT         | 2006-02-15 04:34:33 |
|       53 | MENA        | TEMPLE       | 2006-02-15 04:34:33 |
|       54 | PENELOPE    | PINKETT      | 2006-02-15 04:34:33 |
|       55 | FAY         | KILMER       | 2006-02-15 04:34:33 |
|       56 | DAN         | HARRIS       | 2006-02-15 04:34:33 |
|       57 | JUDE        | CRUISE       | 2006-02-15 04:34:33 |
|       58 | CHRISTIAN   | AKROYD       | 2006-02-15 04:34:33 |
|       59 | DUSTIN      | TAUTOU       | 2006-02-15 04:34:33 |
|       60 | HENRY       | BERRY        | 2006-02-15 04:34:33 |
|       61 | CHRISTIAN   | NEESON       | 2006-02-15 04:34:33 |
|       62 | JAYNE       | NEESON       | 2006-02-15 04:34:33 |
|       63 | CAMERON     | WRAY         | 2006-02-15 04:34:33 |
|       64 | RAY         | JOHANSSON    | 2006-02-15 04:34:33 |
|       65 | ANGELA      | HUDSON       | 2006-02-15 04:34:33 |
|       66 | MARY        | TANDY        | 2006-02-15 04:34:33 |
|       67 | JESSICA     | BAILEY       | 2006-02-15 04:34:33 |
|       68 | RIP         | WINSLET      | 2006-02-15 04:34:33 |
|       69 | KENNETH     | PALTROW      | 2006-02-15 04:34:33 |
|       70 | MICHELLE    | MCCONAUGHEY  | 2006-02-15 04:34:33 |
|       71 | ADAM        | GRANT        | 2006-02-15 04:34:33 |
|       72 | SEAN        | WILLIAMS     | 2006-02-15 04:34:33 |
|       73 | GARY        | PENN         | 2006-02-15 04:34:33 |
|       74 | MILLA       | KEITEL       | 2006-02-15 04:34:33 |
|       75 | BURT        | POSEY        | 2006-02-15 04:34:33 |
|       76 | ANGELINA    | ASTAIRE      | 2006-02-15 04:34:33 |
|       77 | CARY        | MCCONAUGHEY  | 2006-02-15 04:34:33 |
|       78 | GROUCHO     | SINATRA      | 2006-02-15 04:34:33 |
|       79 | MAE         | HOFFMAN      | 2006-02-15 04:34:33 |
|       80 | RALPH       | CRUZ         | 2006-02-15 04:34:33 |
|       81 | SCARLETT    | DAMON        | 2006-02-15 04:34:33 |
|       82 | WOODY       | JOLIE        | 2006-02-15 04:34:33 |
|       83 | BEN         | WILLIS       | 2006-02-15 04:34:33 |
|       84 | JAMES       | PITT         | 2006-02-15 04:34:33 |
|       85 | MINNIE      | ZELLWEGER    | 2006-02-15 04:34:33 |
|       86 | GREG        | CHAPLIN      | 2006-02-15 04:34:33 |
|       87 | SPENCER     | PECK         | 2006-02-15 04:34:33 |
|       88 | KENNETH     | PESCI        | 2006-02-15 04:34:33 |
|       89 | CHARLIZE    | DENCH        | 2006-02-15 04:34:33 |
|       90 | SEAN        | GUINESS      | 2006-02-15 04:34:33 |
|       91 | CHRISTOPHER | BERRY        | 2006-02-15 04:34:33 |
|       92 | KIRSTEN     | AKROYD       | 2006-02-15 04:34:33 |
|       93 | ELLEN       | PRESLEY      | 2006-02-15 04:34:33 |
|       94 | KENNETH     | TORN         | 2006-02-15 04:34:33 |
|       95 | DARYL       | WAHLBERG     | 2006-02-15 04:34:33 |
|       96 | GENE        | WILLIS       | 2006-02-15 04:34:33 |
|       97 | MEG         | HAWKE        | 2006-02-15 04:34:33 |
|       98 | CHRIS       | BRIDGES      | 2006-02-15 04:34:33 |
|       99 | JIM         | MOSTEL       | 2006-02-15 04:34:33 |
|      100 | SPENCER     | DEPP         | 2006-02-15 04:34:33 |
|      101 | SUSAN       | DAVIS        | 2006-02-15 04:34:33 |
|      102 | WALTER      | TORN         | 2006-02-15 04:34:33 |
|      103 | MATTHEW     | LEIGH        | 2006-02-15 04:34:33 |
|      104 | PENELOPE    | CRONYN       | 2006-02-15 04:34:33 |
|      105 | SIDNEY      | CROWE        | 2006-02-15 04:34:33 |
|      106 | GROUCHO     | DUNST        | 2006-02-15 04:34:33 |
|      107 | GINA        | DEGENERES    | 2006-02-15 04:34:33 |
|      108 | WARREN      | NOLTE        | 2006-02-15 04:34:33 |
|      109 | SYLVESTER   | DERN         | 2006-02-15 04:34:33 |
|      110 | SUSAN       | DAVIS        | 2006-02-15 04:34:33 |
|      111 | CAMERON     | ZELLWEGER    | 2006-02-15 04:34:33 |
|      112 | RUSSELL     | BACALL       | 2006-02-15 04:34:33 |
|      113 | MORGAN      | HOPKINS      | 2006-02-15 04:34:33 |
|      114 | MORGAN      | MCDORMAND    | 2006-02-15 04:34:33 |
|      115 | HARRISON    | BALE         | 2006-02-15 04:34:33 |
|      116 | DAN         | STREEP       | 2006-02-15 04:34:33 |
|      117 | RENEE       | TRACY        | 2006-02-15 04:34:33 |
|      118 | CUBA        | ALLEN        | 2006-02-15 04:34:33 |
|      119 | WARREN      | JACKMAN      | 2006-02-15 04:34:33 |
|      120 | PENELOPE    | MONROE       | 2006-02-15 04:34:33 |
|      121 | LIZA        | BERGMAN      | 2006-02-15 04:34:33 |
|      122 | SALMA       | NOLTE        | 2006-02-15 04:34:33 |
|      123 | JULIANNE    | DENCH        | 2006-02-15 04:34:33 |
|      124 | SCARLETT    | BENING       | 2006-02-15 04:34:33 |
|      125 | ALBERT      | NOLTE        | 2006-02-15 04:34:33 |
|      126 | FRANCES     | TOMEI        | 2006-02-15 04:34:33 |
|      127 | KEVIN       | GARLAND      | 2006-02-15 04:34:33 |
|      128 | CATE        | MCQUEEN      | 2006-02-15 04:34:33 |
|      129 | DARYL       | CRAWFORD     | 2006-02-15 04:34:33 |
|      130 | GRETA       | KEITEL       | 2006-02-15 04:34:33 |
|      131 | JANE        | JACKMAN      | 2006-02-15 04:34:33 |
|      132 | ADAM        | HOPPER       | 2006-02-15 04:34:33 |
|      133 | RICHARD     | PENN         | 2006-02-15 04:34:33 |
|      134 | GENE        | HOPKINS      | 2006-02-15 04:34:33 |
|      135 | RITA        | REYNOLDS     | 2006-02-15 04:34:33 |
|      136 | ED          | MANSFIELD    | 2006-02-15 04:34:33 |
|      137 | MORGAN      | WILLIAMS     | 2006-02-15 04:34:33 |
|      138 | LUCILLE     | DEE          | 2006-02-15 04:34:33 |
|      139 | EWAN        | GOODING      | 2006-02-15 04:34:33 |
|      140 | WHOOPI      | HURT         | 2006-02-15 04:34:33 |
|      141 | CATE        | HARRIS       | 2006-02-15 04:34:33 |
|      142 | JADA        | RYDER        | 2006-02-15 04:34:33 |
|      143 | RIVER       | DEAN         | 2006-02-15 04:34:33 |
|      144 | ANGELA      | WITHERSPOON  | 2006-02-15 04:34:33 |
|      145 | KIM         | ALLEN        | 2006-02-15 04:34:33 |
|      146 | ALBERT      | JOHANSSON    | 2006-02-15 04:34:33 |
|      147 | FAY         | WINSLET      | 2006-02-15 04:34:33 |
|      148 | EMILY       | DEE          | 2006-02-15 04:34:33 |
|      149 | RUSSELL     | TEMPLE       | 2006-02-15 04:34:33 |
|      150 | JAYNE       | NOLTE        | 2006-02-15 04:34:33 |
|      151 | GEOFFREY    | HESTON       | 2006-02-15 04:34:33 |
|      152 | BEN         | HARRIS       | 2006-02-15 04:34:33 |
|      153 | MINNIE      | KILMER       | 2006-02-15 04:34:33 |
|      154 | MERYL       | GIBSON       | 2006-02-15 04:34:33 |
|      155 | IAN         | TANDY        | 2006-02-15 04:34:33 |
|      156 | FAY         | WOOD         | 2006-02-15 04:34:33 |
|      157 | GRETA       | MALDEN       | 2006-02-15 04:34:33 |
|      158 | VIVIEN      | BASINGER     | 2006-02-15 04:34:33 |
|      159 | LAURA       | BRODY        | 2006-02-15 04:34:33 |
|      160 | CHRIS       | DEPP         | 2006-02-15 04:34:33 |
|      161 | HARVEY      | HOPE         | 2006-02-15 04:34:33 |
|      162 | OPRAH       | KILMER       | 2006-02-15 04:34:33 |
|      163 | CHRISTOPHER | WEST         | 2006-02-15 04:34:33 |
|      164 | HUMPHREY    | WILLIS       | 2006-02-15 04:34:33 |
|      165 | AL          | GARLAND      | 2006-02-15 04:34:33 |
|      166 | NICK        | DEGENERES    | 2006-02-15 04:34:33 |
|      167 | LAURENCE    | BULLOCK      | 2006-02-15 04:34:33 |
|      168 | WILL        | WILSON       | 2006-02-15 04:34:33 |
|      169 | KENNETH     | HOFFMAN      | 2006-02-15 04:34:33 |
|      170 | MENA        | HOPPER       | 2006-02-15 04:34:33 |
|      171 | OLYMPIA     | PFEIFFER     | 2006-02-15 04:34:33 |
|      172 | GROUCHO     | WILLIAMS     | 2006-02-15 04:34:33 |
|      173 | ALAN        | DREYFUSS     | 2006-02-15 04:34:33 |
|      174 | MICHAEL     | BENING       | 2006-02-15 04:34:33 |
|      175 | WILLIAM     | HACKMAN      | 2006-02-15 04:34:33 |
|      176 | JON         | CHASE        | 2006-02-15 04:34:33 |
|      177 | GENE        | MCKELLEN     | 2006-02-15 04:34:33 |
|      178 | LISA        | MONROE       | 2006-02-15 04:34:33 |
|      179 | ED          | GUINESS      | 2006-02-15 04:34:33 |
|      180 | JEFF        | SILVERSTONE  | 2006-02-15 04:34:33 |
|      181 | MATTHEW     | CARREY       | 2006-02-15 04:34:33 |
|      182 | DEBBIE      | AKROYD       | 2006-02-15 04:34:33 |
|      183 | RUSSELL     | CLOSE        | 2006-02-15 04:34:33 |
|      184 | HUMPHREY    | GARLAND      | 2006-02-15 04:34:33 |
|      185 | MICHAEL     | BOLGER       | 2006-02-15 04:34:33 |
|      186 | JULIA       | ZELLWEGER    | 2006-02-15 04:34:33 |
|      187 | RENEE       | BALL         | 2006-02-15 04:34:33 |
|      188 | ROCK        | DUKAKIS      | 2006-02-15 04:34:33 |
|      189 | CUBA        | BIRCH        | 2006-02-15 04:34:33 |
|      190 | AUDREY      | BAILEY       | 2006-02-15 04:34:33 |
|      191 | GREGORY     | GOODING      | 2006-02-15 04:34:33 |
|      192 | JOHN        | SUVARI       | 2006-02-15 04:34:33 |
|      193 | BURT        | TEMPLE       | 2006-02-15 04:34:33 |
|      194 | MERYL       | ALLEN        | 2006-02-15 04:34:33 |
|      195 | JAYNE       | SILVERSTONE  | 2006-02-15 04:34:33 |
|      196 | BELA        | WALKEN       | 2006-02-15 04:34:33 |
|      197 | REESE       | WEST         | 2006-02-15 04:34:33 |
|      198 | MARY        | KEITEL       | 2006-02-15 04:34:33 |
|      199 | JULIA       | FAWCETT      | 2006-02-15 04:34:33 |
|      200 | THORA       | TEMPLE       | 2006-02-15 04:34:33 |
+----------+-------------+--------------+---------------------+
200 rows in set (0.0204 sec)
 MySQL  localhost:3306 ssl  evaluacíon_1  SQL > delete from usuarios where first_name = 'JULIA';
ERROR: 1146 (42S02): Table 'evaluacíon_1.usuarios' doesn't exist
 MySQL  localhost:3306 ssl  evaluacíon_1  SQL > delete from actor where first_name = 'JULIA';
Query OK, 4 rows affected (0.0070 sec)
 MySQL  localhost:3306 ssl  evaluacíon_1  SQL > select * from actor ;
+----------+-------------+--------------+---------------------+
| actor_id | first_name  | last_name    | last_update         |
+----------+-------------+--------------+---------------------+
|        1 | PENELOPE    | GUINESS      | 2006-02-15 04:34:33 |
|        2 | NICK        | WAHLBERG     | 2006-02-15 04:34:33 |
|        3 | ED          | CHASE        | 2006-02-15 04:34:33 |
|        4 | JENNIFER    | DAVIS        | 2006-02-15 04:34:33 |
|        5 | JOHNNY      | LOLLOBRIGIDA | 2006-02-15 04:34:33 |
|        6 | BETTE       | NICHOLSON    | 2006-02-15 04:34:33 |
|        7 | GRACE       | MOSTEL       | 2006-02-15 04:34:33 |
|        8 | MATTHEW     | JOHANSSON    | 2006-02-15 04:34:33 |
|        9 | JOE         | SWANK        | 2006-02-15 04:34:33 |
|       10 | CHRISTIAN   | GABLE        | 2006-02-15 04:34:33 |
|       11 | ZERO        | CAGE         | 2006-02-15 04:34:33 |
|       12 | KARL        | BERRY        | 2006-02-15 04:34:33 |
|       13 | UMA         | WOOD         | 2006-02-15 04:34:33 |
|       14 | VIVIEN      | BERGEN       | 2006-02-15 04:34:33 |
|       15 | CUBA        | OLIVIER      | 2006-02-15 04:34:33 |
|       16 | FRED        | COSTNER      | 2006-02-15 04:34:33 |
|       17 | HELEN       | VOIGHT       | 2006-02-15 04:34:33 |
|       18 | DAN         | TORN         | 2006-02-15 04:34:33 |
|       19 | BOB         | FAWCETT      | 2006-02-15 04:34:33 |
|       20 | LUCILLE     | TRACY        | 2006-02-15 04:34:33 |
|       21 | KIRSTEN     | PALTROW      | 2006-02-15 04:34:33 |
|       22 | ELVIS       | MARX         | 2006-02-15 04:34:33 |
|       23 | SANDRA      | KILMER       | 2006-02-15 04:34:33 |
|       24 | CAMERON     | STREEP       | 2006-02-15 04:34:33 |
|       25 | KEVIN       | BLOOM        | 2006-02-15 04:34:33 |
|       26 | RIP         | CRAWFORD     | 2006-02-15 04:34:33 |
|       28 | WOODY       | HOFFMAN      | 2006-02-15 04:34:33 |
|       29 | ALEC        | WAYNE        | 2006-02-15 04:34:33 |
|       30 | SANDRA      | PECK         | 2006-02-15 04:34:33 |
|       31 | SISSY       | SOBIESKI     | 2006-02-15 04:34:33 |
|       32 | TIM         | HACKMAN      | 2006-02-15 04:34:33 |
|       33 | MILLA       | PECK         | 2006-02-15 04:34:33 |
|       34 | AUDREY      | OLIVIER      | 2006-02-15 04:34:33 |
|       35 | JUDY        | DEAN         | 2006-02-15 04:34:33 |
|       36 | BURT        | DUKAKIS      | 2006-02-15 04:34:33 |
|       37 | VAL         | BOLGER       | 2006-02-15 04:34:33 |
|       38 | TOM         | MCKELLEN     | 2006-02-15 04:34:33 |
|       39 | GOLDIE      | BRODY        | 2006-02-15 04:34:33 |
|       40 | JOHNNY      | CAGE         | 2006-02-15 04:34:33 |
|       41 | JODIE       | DEGENERES    | 2006-02-15 04:34:33 |
|       42 | TOM         | MIRANDA      | 2006-02-15 04:34:33 |
|       43 | KIRK        | JOVOVICH     | 2006-02-15 04:34:33 |
|       44 | NICK        | STALLONE     | 2006-02-15 04:34:33 |
|       45 | REESE       | KILMER       | 2006-02-15 04:34:33 |
|       46 | PARKER      | GOLDBERG     | 2006-02-15 04:34:33 |
|       48 | FRANCES     | DAY-LEWIS    | 2006-02-15 04:34:33 |
|       49 | ANNE        | CRONYN       | 2006-02-15 04:34:33 |
|       50 | NATALIE     | HOPKINS      | 2006-02-15 04:34:33 |
|       51 | GARY        | PHOENIX      | 2006-02-15 04:34:33 |
|       52 | CARMEN      | HUNT         | 2006-02-15 04:34:33 |
|       53 | MENA        | TEMPLE       | 2006-02-15 04:34:33 |
|       54 | PENELOPE    | PINKETT      | 2006-02-15 04:34:33 |
|       55 | FAY         | KILMER       | 2006-02-15 04:34:33 |
|       56 | DAN         | HARRIS       | 2006-02-15 04:34:33 |
|       57 | JUDE        | CRUISE       | 2006-02-15 04:34:33 |
|       58 | CHRISTIAN   | AKROYD       | 2006-02-15 04:34:33 |
|       59 | DUSTIN      | TAUTOU       | 2006-02-15 04:34:33 |
|       60 | HENRY       | BERRY        | 2006-02-15 04:34:33 |
|       61 | CHRISTIAN   | NEESON       | 2006-02-15 04:34:33 |
|       62 | JAYNE       | NEESON       | 2006-02-15 04:34:33 |
|       63 | CAMERON     | WRAY         | 2006-02-15 04:34:33 |
|       64 | RAY         | JOHANSSON    | 2006-02-15 04:34:33 |
|       65 | ANGELA      | HUDSON       | 2006-02-15 04:34:33 |
|       66 | MARY        | TANDY        | 2006-02-15 04:34:33 |
|       67 | JESSICA     | BAILEY       | 2006-02-15 04:34:33 |
|       68 | RIP         | WINSLET      | 2006-02-15 04:34:33 |
|       69 | KENNETH     | PALTROW      | 2006-02-15 04:34:33 |
|       70 | MICHELLE    | MCCONAUGHEY  | 2006-02-15 04:34:33 |
|       71 | ADAM        | GRANT        | 2006-02-15 04:34:33 |
|       72 | SEAN        | WILLIAMS     | 2006-02-15 04:34:33 |
|       73 | GARY        | PENN         | 2006-02-15 04:34:33 |
|       74 | MILLA       | KEITEL       | 2006-02-15 04:34:33 |
|       75 | BURT        | POSEY        | 2006-02-15 04:34:33 |
|       76 | ANGELINA    | ASTAIRE      | 2006-02-15 04:34:33 |
|       77 | CARY        | MCCONAUGHEY  | 2006-02-15 04:34:33 |
|       78 | GROUCHO     | SINATRA      | 2006-02-15 04:34:33 |
|       79 | MAE         | HOFFMAN      | 2006-02-15 04:34:33 |
|       80 | RALPH       | CRUZ         | 2006-02-15 04:34:33 |
|       81 | SCARLETT    | DAMON        | 2006-02-15 04:34:33 |
|       82 | WOODY       | JOLIE        | 2006-02-15 04:34:33 |
|       83 | BEN         | WILLIS       | 2006-02-15 04:34:33 |
|       84 | JAMES       | PITT         | 2006-02-15 04:34:33 |
|       85 | MINNIE      | ZELLWEGER    | 2006-02-15 04:34:33 |
|       86 | GREG        | CHAPLIN      | 2006-02-15 04:34:33 |
|       87 | SPENCER     | PECK         | 2006-02-15 04:34:33 |
|       88 | KENNETH     | PESCI        | 2006-02-15 04:34:33 |
|       89 | CHARLIZE    | DENCH        | 2006-02-15 04:34:33 |
|       90 | SEAN        | GUINESS      | 2006-02-15 04:34:33 |
|       91 | CHRISTOPHER | BERRY        | 2006-02-15 04:34:33 |
|       92 | KIRSTEN     | AKROYD       | 2006-02-15 04:34:33 |
|       93 | ELLEN       | PRESLEY      | 2006-02-15 04:34:33 |
|       94 | KENNETH     | TORN         | 2006-02-15 04:34:33 |
|       95 | DARYL       | WAHLBERG     | 2006-02-15 04:34:33 |
|       96 | GENE        | WILLIS       | 2006-02-15 04:34:33 |
|       97 | MEG         | HAWKE        | 2006-02-15 04:34:33 |
|       98 | CHRIS       | BRIDGES      | 2006-02-15 04:34:33 |
|       99 | JIM         | MOSTEL       | 2006-02-15 04:34:33 |
|      100 | SPENCER     | DEPP         | 2006-02-15 04:34:33 |
|      101 | SUSAN       | DAVIS        | 2006-02-15 04:34:33 |
|      102 | WALTER      | TORN         | 2006-02-15 04:34:33 |
|      103 | MATTHEW     | LEIGH        | 2006-02-15 04:34:33 |
|      104 | PENELOPE    | CRONYN       | 2006-02-15 04:34:33 |
|      105 | SIDNEY      | CROWE        | 2006-02-15 04:34:33 |
|      106 | GROUCHO     | DUNST        | 2006-02-15 04:34:33 |
|      107 | GINA        | DEGENERES    | 2006-02-15 04:34:33 |
|      108 | WARREN      | NOLTE        | 2006-02-15 04:34:33 |
|      109 | SYLVESTER   | DERN         | 2006-02-15 04:34:33 |
|      110 | SUSAN       | DAVIS        | 2006-02-15 04:34:33 |
|      111 | CAMERON     | ZELLWEGER    | 2006-02-15 04:34:33 |
|      112 | RUSSELL     | BACALL       | 2006-02-15 04:34:33 |
|      113 | MORGAN      | HOPKINS      | 2006-02-15 04:34:33 |
|      114 | MORGAN      | MCDORMAND    | 2006-02-15 04:34:33 |
|      115 | HARRISON    | BALE         | 2006-02-15 04:34:33 |
|      116 | DAN         | STREEP       | 2006-02-15 04:34:33 |
|      117 | RENEE       | TRACY        | 2006-02-15 04:34:33 |
|      118 | CUBA        | ALLEN        | 2006-02-15 04:34:33 |
|      119 | WARREN      | JACKMAN      | 2006-02-15 04:34:33 |
|      120 | PENELOPE    | MONROE       | 2006-02-15 04:34:33 |
|      121 | LIZA        | BERGMAN      | 2006-02-15 04:34:33 |
|      122 | SALMA       | NOLTE        | 2006-02-15 04:34:33 |
|      123 | JULIANNE    | DENCH        | 2006-02-15 04:34:33 |
|      124 | SCARLETT    | BENING       | 2006-02-15 04:34:33 |
|      125 | ALBERT      | NOLTE        | 2006-02-15 04:34:33 |
|      126 | FRANCES     | TOMEI        | 2006-02-15 04:34:33 |
|      127 | KEVIN       | GARLAND      | 2006-02-15 04:34:33 |
|      128 | CATE        | MCQUEEN      | 2006-02-15 04:34:33 |
|      129 | DARYL       | CRAWFORD     | 2006-02-15 04:34:33 |
|      130 | GRETA       | KEITEL       | 2006-02-15 04:34:33 |
|      131 | JANE        | JACKMAN      | 2006-02-15 04:34:33 |
|      132 | ADAM        | HOPPER       | 2006-02-15 04:34:33 |
|      133 | RICHARD     | PENN         | 2006-02-15 04:34:33 |
|      134 | GENE        | HOPKINS      | 2006-02-15 04:34:33 |
|      135 | RITA        | REYNOLDS     | 2006-02-15 04:34:33 |
|      136 | ED          | MANSFIELD    | 2006-02-15 04:34:33 |
|      137 | MORGAN      | WILLIAMS     | 2006-02-15 04:34:33 |
|      138 | LUCILLE     | DEE          | 2006-02-15 04:34:33 |
|      139 | EWAN        | GOODING      | 2006-02-15 04:34:33 |
|      140 | WHOOPI      | HURT         | 2006-02-15 04:34:33 |
|      141 | CATE        | HARRIS       | 2006-02-15 04:34:33 |
|      142 | JADA        | RYDER        | 2006-02-15 04:34:33 |
|      143 | RIVER       | DEAN         | 2006-02-15 04:34:33 |
|      144 | ANGELA      | WITHERSPOON  | 2006-02-15 04:34:33 |
|      145 | KIM         | ALLEN        | 2006-02-15 04:34:33 |
|      146 | ALBERT      | JOHANSSON    | 2006-02-15 04:34:33 |
|      147 | FAY         | WINSLET      | 2006-02-15 04:34:33 |
|      148 | EMILY       | DEE          | 2006-02-15 04:34:33 |
|      149 | RUSSELL     | TEMPLE       | 2006-02-15 04:34:33 |
|      150 | JAYNE       | NOLTE        | 2006-02-15 04:34:33 |
|      151 | GEOFFREY    | HESTON       | 2006-02-15 04:34:33 |
|      152 | BEN         | HARRIS       | 2006-02-15 04:34:33 |
|      153 | MINNIE      | KILMER       | 2006-02-15 04:34:33 |
|      154 | MERYL       | GIBSON       | 2006-02-15 04:34:33 |
|      155 | IAN         | TANDY        | 2006-02-15 04:34:33 |
|      156 | FAY         | WOOD         | 2006-02-15 04:34:33 |
|      157 | GRETA       | MALDEN       | 2006-02-15 04:34:33 |
|      158 | VIVIEN      | BASINGER     | 2006-02-15 04:34:33 |
|      159 | LAURA       | BRODY        | 2006-02-15 04:34:33 |
|      160 | CHRIS       | DEPP         | 2006-02-15 04:34:33 |
|      161 | HARVEY      | HOPE         | 2006-02-15 04:34:33 |
|      162 | OPRAH       | KILMER       | 2006-02-15 04:34:33 |
|      163 | CHRISTOPHER | WEST         | 2006-02-15 04:34:33 |
|      164 | HUMPHREY    | WILLIS       | 2006-02-15 04:34:33 |
|      165 | AL          | GARLAND      | 2006-02-15 04:34:33 |
|      166 | NICK        | DEGENERES    | 2006-02-15 04:34:33 |
|      167 | LAURENCE    | BULLOCK      | 2006-02-15 04:34:33 |
|      168 | WILL        | WILSON       | 2006-02-15 04:34:33 |
|      169 | KENNETH     | HOFFMAN      | 2006-02-15 04:34:33 |
|      170 | MENA        | HOPPER       | 2006-02-15 04:34:33 |
|      171 | OLYMPIA     | PFEIFFER     | 2006-02-15 04:34:33 |
|      172 | GROUCHO     | WILLIAMS     | 2006-02-15 04:34:33 |
|      173 | ALAN        | DREYFUSS     | 2006-02-15 04:34:33 |
|      174 | MICHAEL     | BENING       | 2006-02-15 04:34:33 |
|      175 | WILLIAM     | HACKMAN      | 2006-02-15 04:34:33 |
|      176 | JON         | CHASE        | 2006-02-15 04:34:33 |
|      177 | GENE        | MCKELLEN     | 2006-02-15 04:34:33 |
|      178 | LISA        | MONROE       | 2006-02-15 04:34:33 |
|      179 | ED          | GUINESS      | 2006-02-15 04:34:33 |
|      180 | JEFF        | SILVERSTONE  | 2006-02-15 04:34:33 |
|      181 | MATTHEW     | CARREY       | 2006-02-15 04:34:33 |
|      182 | DEBBIE      | AKROYD       | 2006-02-15 04:34:33 |
|      183 | RUSSELL     | CLOSE        | 2006-02-15 04:34:33 |
|      184 | HUMPHREY    | GARLAND      | 2006-02-15 04:34:33 |
|      185 | MICHAEL     | BOLGER       | 2006-02-15 04:34:33 |
|      187 | RENEE       | BALL         | 2006-02-15 04:34:33 |
|      188 | ROCK        | DUKAKIS      | 2006-02-15 04:34:33 |
|      189 | CUBA        | BIRCH        | 2006-02-15 04:34:33 |
|      190 | AUDREY      | BAILEY       | 2006-02-15 04:34:33 |
|      191 | GREGORY     | GOODING      | 2006-02-15 04:34:33 |
|      192 | JOHN        | SUVARI       | 2006-02-15 04:34:33 |
|      193 | BURT        | TEMPLE       | 2006-02-15 04:34:33 |
|      194 | MERYL       | ALLEN        | 2006-02-15 04:34:33 |
|      195 | JAYNE       | SILVERSTONE  | 2006-02-15 04:34:33 |
|      196 | BELA        | WALKEN       | 2006-02-15 04:34:33 |
|      197 | REESE       | WEST         | 2006-02-15 04:34:33 |
|      198 | MARY        | KEITEL       | 2006-02-15 04:34:33 |
|      200 | THORA       | TEMPLE       | 2006-02-15 04:34:33 |
+----------+-------------+--------------+---------------------+
196 rows in set (0.0011 sec)
 MySQL  localhost:3306 ssl  evaluacíon_1  SQL > \use practica_3
Default schema set to `practica_3`.
Fetching global names, object names from `practica_3` for auto-completion... Press ^C to stop.
 MySQL  localhost:3306 ssl  practica_3  SQL > show tables;
+----------------------+
| Tables_in_practica_3 |
+----------------------+
| credit_card          |
+----------------------+
1 row in set (0.0019 sec)
 MySQL  localhost:3306 ssl  practica_3  SQL > select * from credit_card;
+----+---------------------------+------------------+-------------+------------------+---------------+---------------+-----------------+-------------+------+--------------+
| id | card_type_fn              | bank             | card_number | headline         | security_code | date_of_issue | expiration_date | cutoff_date | pin  | credit_limit |
+----+---------------------------+------------------+-------------+------------------+---------------+---------------+-----------------+-------------+------+--------------+
|  1 | American Express          | American Express |    34038319 | Karly M Sorria   |          7758 |         42583 |           46600 |          23 | 6065 |        27700 |
|  2 | Master Card               | Citibank         |   530699758 | Ruby Holder      |            84 |         39356 |           41548 |           4 | 9037 |       116400 |
|  3 | Diners Club International | Diners Club      |   309459499 | Omar W Hutto     |           568 |         39203 |           41760 |          12 | 4358 |        67400 |
|  4 | Diners Club International | Diners Club      |   305379117 | Joe Tanner       |           804 |         40848 |           41579 |           3 | 2536 |       121900 |
|  5 | Visa                      | Ge Capital       |   429773099 | Vern F Weathers  |           443 |         41456 |           45108 |           5 | 4815 |        81800 |
|  6 | Japan Credit Bureau       | JCB              |   356072147 | Tyler F Burnett  |           562 |         40330 |           43617 |          14 | 9035 |       105100 |
|  7 | Japan Credit Bureau       | JCB              |   352910930 | Colin L Halcomb  |           505 |         39904 |           41000 |           2 | 6328 |        76100 |
|  8 | Visa                      | Chase            |   465225168 | Elsie A Harding  |            32 |         39173 |           45383 |           5 |  561 |        28700 |
|  9 | American Express          | American Express |   372911403 | Hal Dietz        |          7438 |         41426 |           44713 |           4 | 1594 |        39300 |
| 10 | Visa                      | Citibank         |   441439441 | Craig U Parsons  |           822 |         42005 |           44562 |          11 | 9174 |       105100 |
| 11 | Master Card               | Barclays         |   533669805 | Cliff Q Car      |           120 |         40238 |           46813 |          11 | 8774 |       126000 |
| 12 | Japan Credit Bureau       | JCB              |   352910930 | Colin L Halcomb  |           505 |         39904 |           41000 |           2 | 6328 |        76100 |
| 13 | Diners Club International | Diners Club      |   305423321 | Santos Hutchison |            31 |         41913 |           43739 |          12 | 6483 |       157500 |
+----+---------------------------+------------------+-------------+------------------+---------------+---------------+-----------------+-------------+------+--------------+
13 rows in set (0.0008 sec)
 MySQL  localhost:3306 ssl  practica_3  SQL > delete from actor where id = '12';
ERROR: 1146 (42S02): Table 'practica_3.actor' doesn't exist
 MySQL  localhost:3306 ssl  practica_3  SQL > delete from practica_3 where id = '12';
ERROR: 1146 (42S02): Table 'practica_3.practica_3' doesn't exist
 MySQL  localhost:3306 ssl  practica_3  SQL > delete from credit_card where id = '12';
Query OK, 1 row affected (0.0079 sec)
 MySQL  localhost:3306 ssl  practica_3  SQL > select * from credit_card;
+----+---------------------------+------------------+-------------+------------------+---------------+---------------+-----------------+-------------+------+--------------+
| id | card_type_fn              | bank             | card_number | headline         | security_code | date_of_issue | expiration_date | cutoff_date | pin  | credit_limit |
+----+---------------------------+------------------+-------------+------------------+---------------+---------------+-----------------+-------------+------+--------------+
|  1 | American Express          | American Express |    34038319 | Karly M Sorria   |          7758 |         42583 |           46600 |          23 | 6065 |        27700 |
|  2 | Master Card               | Citibank         |   530699758 | Ruby Holder      |            84 |         39356 |           41548 |           4 | 9037 |       116400 |
|  3 | Diners Club International | Diners Club      |   309459499 | Omar W Hutto     |           568 |         39203 |           41760 |          12 | 4358 |        67400 |
|  4 | Diners Club International | Diners Club      |   305379117 | Joe Tanner       |           804 |         40848 |           41579 |           3 | 2536 |       121900 |
|  5 | Visa                      | Ge Capital       |   429773099 | Vern F Weathers  |           443 |         41456 |           45108 |           5 | 4815 |        81800 |
|  6 | Japan Credit Bureau       | JCB              |   356072147 | Tyler F Burnett  |           562 |         40330 |           43617 |          14 | 9035 |       105100 |
|  7 | Japan Credit Bureau       | JCB              |   352910930 | Colin L Halcomb  |           505 |         39904 |           41000 |           2 | 6328 |        76100 |
|  8 | Visa                      | Chase            |   465225168 | Elsie A Harding  |            32 |         39173 |           45383 |           5 |  561 |        28700 |
|  9 | American Express          | American Express |   372911403 | Hal Dietz        |          7438 |         41426 |           44713 |           4 | 1594 |        39300 |
| 10 | Visa                      | Citibank         |   441439441 | Craig U Parsons  |           822 |         42005 |           44562 |          11 | 9174 |       105100 |
| 11 | Master Card               | Barclays         |   533669805 | Cliff Q Car      |           120 |         40238 |           46813 |          11 | 8774 |       126000 |
| 13 | Diners Club International | Diners Club      |   305423321 | Santos Hutchison |            31 |         41913 |           43739 |          12 | 6483 |       157500 |
+----+---------------------------+------------------+-------------+------------------+---------------+---------------+-----------------+-------------+------+--------------+
12 rows in set (0.0008 sec)
 MySQL  localhost:3306 ssl  practica_3  SQL > \disconnect