MySQL Shell 8.0.32

Copyright (c) 2016, 2023, Oracle and/or its affiliates.
Oracle is a registered trademark of Oracle Corporation and/or its affiliates.
Other names may be trademarks of their respective owners.

Type '\help' or '\?' for help; '\quit' to exit.
 MySQL  JS > \sql
Switching to SQL mode... Commands end with ;
 MySQL  SQL > \connect --mc root@localhost
Creating a Classic session to 'root@localhost'
Fetching global names for auto-completion... Press ^C to stop.
Your MySQL connection id is 9
Server version: 8.0.31 MySQL Community Server - GPL
No default schema selected; type \use <schema> to set one.
 MySQL  localhost:3306 ssl  SQL > ^C
 MySQL  localhost:3306 ssl  SQL > create table empleados(
                               -> id int primary key,
                               -> nombre varchar(255),
                               -> apellido varchar(255),
                               -> email varchar(255),
                               -> genero enum('Masculino', 'Femenino'),
                               -> f_nacimiento date,
                               -> f_ingreso date);
ERROR: 1046 (3D000): No database selected
 MySQL  localhost:3306 ssl  SQL > show databases;
+--------------------+
| Database           |
+--------------------+
| agencia            |
| datoscoches        |
| evaluacion_1       |
| information_schema |
| mysql              |
| performance_schema |
| sakila             |
| sys                |
| world              |
+--------------------+
9 rows in set (0.0050 sec)
 MySQL  localhost:3306 ssl  SQL > create database recursos_humanos;
Query OK, 1 row affected (0.0091 sec)
 MySQL  localhost:3306 ssl  SQL > use recursos_humanos;
Default schema set to `recursos_humanos`.
Fetching global names, object names from `recursos_humanos` for auto-completion... Press ^C to stop.
 MySQL  localhost:3306 ssl  recursos_humanos  SQL > create table empleados( id int primary key, nombre varchar(255), apellido varchar(255), email varchar(255), genero enum('Masculino', 'Femenino'), f_nacimiento date, f_ingreso date);
Query OK, 0 rows affected (0.0364 sec)
 MySQL  localhost:3306 ssl  recursos_humanos  SQL > desc empleados
                                                 -> ;
+--------------+------------------------------+------+-----+---------+-------+
| Field        | Type                         | Null | Key | Default | Extra |
+--------------+------------------------------+------+-----+---------+-------+
| id           | int                          | NO   | PRI | NULL    |       |
| nombre       | varchar(255)                 | YES  |     | NULL    |       |
| apellido     | varchar(255)                 | YES  |     | NULL    |       |
| email        | varchar(255)                 | YES  |     | NULL    |       |
| genero       | enum('Masculino','Femenino') | YES  |     | NULL    |       |
| f_nacimiento | date                         | YES  |     | NULL    |       |
| f_ingreso    | date                         | YES  |     | NULL    |       |
+--------------+------------------------------+------+-----+---------+-------+
7 rows in set (0.0147 sec)
 MySQL  localhost:3306 ssl  recursos_humanos  SQL > create table puestos(
                                                 -> id int primary key,
                                                 -> nombre varchar(255));
Query OK, 0 rows affected (0.0141 sec)
 MySQL  localhost:3306 ssl  recursos_humanos  SQL > create table empleados_puestos(
                                                 -> emp_id int,
                                                 -> puesto_id int,
                                                 -> foreign key (empleado_id) references empleados(id),
                                                 -> foreign key (puesto_id references puestos(id));
ERROR: 1064 (42000): You have an error in your SQL syntax; check the manual that corresponds to your MySQL server version for the right syntax to use near 'references puestos(id))' at line 5
 MySQL  localhost:3306 ssl  recursos_humanos  SQL > create table empleados_puestos( emp_id int, puesto_id int, foreign key (emp_id) references empleados(id), foreign key (puesto_id references puestos(id));
ERROR: 1064 (42000): You have an error in your SQL syntax; check the manual that corresponds to your MySQL server version for the right syntax to use near 'references puestos(id))' at line 1
 MySQL  localhost:3306 ssl  recursos_humanos  SQL > create table empleados_puestos( emp_id int, puesto_id int, foreign key (emp_id) from empleados(id), foreign key (puesto_id from puestos(id));
ERROR: 1064 (42000): You have an error in your SQL syntax; check the manual that corresponds to your MySQL server version for the right syntax to use near 'from empleados(id), foreign key (puesto_id from puestos(id))' at line 1
 MySQL  localhost:3306 ssl  recursos_humanos  SQL > set foreign_key_checks = 1;
Query OK, 0 rows affected (0.0004 sec)
 MySQL  localhost:3306 ssl  recursos_humanos  SQL > create table empleados_puestos( emp_id int, puesto_id int, foreign key (emp_id) references empleados(id), foreign key (puesto_id references puestos(id));
ERROR: 1064 (42000): You have an error in your SQL syntax; check the manual that corresponds to your MySQL server version for the right syntax to use near 'references puestos(id))' at line 1
 MySQL  localhost:3306 ssl  recursos_humanos  SQL > create table empleados_puestos( emp_id int, puesto_id int, foreign key (emp_id) empleados(id), foreign key (puesto_id puestos(id));
ERROR: 1064 (42000): You have an error in your SQL syntax; check the manual that corresponds to your MySQL server version for the right syntax to use near 'empleados(id), foreign key (puesto_id puestos(id))' at line 1
 MySQL  localhost:3306 ssl  recursos_humanos  SQL > create table empleados_puestos( emp_id int, puesto_id int, foreign key (emp_id) references empleados(id), foreign key (puesto_id references puestos(id));CREATE TABLE empleados (
ERROR: 1064 (42000): You have an error in your SQL syntax; check the manual that corresponds to your MySQL server version for the right syntax to use near 'references puestos(id))' at line 1
                                                 ->   id INT PRIMARY KEY,
                                                 ->   nombre VARCHAR(255),
                                                 ->   apellido VARCHAR(255),
                                                 ->   correo_electronico VARCHAR(255),
                                                 ->   genero ENUM('Masculino', 'Femenino', 'Otro'),
                                                 ->   fecha_nacimiento DATE,
                                                 ->   fecha_ingreso DATE
                                                 ->
                                                 -> ;
ERROR: 1064 (42000): You have an error in your SQL syntax; check the manual that corresponds to your MySQL server version for the right syntax to use near '' at line 8
 MySQL  localhost:3306 ssl  recursos_humanos  SQL > create table empleados_puestos( emp_id int, puesto_id int, foreign key (emp_id) references empleados(id), foreign key (puesto_id) references puestos(id));
Query OK, 0 rows affected (0.0388 sec)
 MySQL  localhost:3306 ssl  recursos_humanos  SQL > insert into empleados( id, nombre, apellido, email, genero, f_nacimiento, f_ingreso) values (1, 'Juan', 'Perez', 'juan.perez@example.com', 'Masculino', '1990-01-01', '2020-01-01'), (2, 'Maria', 'Gonzales', 'maria.gonzales@example.com', 'Femenino', '1995-01-01', '2018-01-01');
Query OK, 2 rows affected (0.0128 sec)

Records: 2  Duplicates: 0  Warnings: 0
 MySQL  localhost:3306 ssl  recursos_humanos  SQL > insert into puestos(id, nombre) values (1, 'Gerente'), (2, 'Asistente'), (3, 'Analista');
Query OK, 3 rows affected (0.0054 sec)

Records: 3  Duplicates: 0  Warnings: 0
 MySQL  localhost:3306 ssl  recursos_humanos  SQL > insert into empleados_puestos(emp_id, puesto_id) values (1, 1), (2, 2), (2, 3);
Query OK, 3 rows affected (0.0056 sec)

Records: 3  Duplicates: 0  Warnings: 0
 MySQL  localhost:3306 ssl  recursos_humanos  SQL > select empleados.nombre, empleados.apellido, puestos.nombre as puesto, empleados.f_nacimiento, empleados.f_ingreso from empleados join empleados_puestos on empleados.id = empleados_puestos.empleado_id join puestos on puestos.id = empleados_puestos.puesto_id;
ERROR: 1054 (42S22): Unknown column 'empleados_puestos.empleado_id' in 'on clause'
 MySQL  localhost:3306 ssl  recursos_humanos  SQL > select empleados.nombre, empleados.apellido, puestos.nombre as puesto, empleados.f_nacimiento, empleados.f_ingreso from empleados join empleados_puestos on empleados.id = empleados_puestos.empleado_id join puestos on puestos.id = empleados_puestos.puesto_id;
ERROR: 1054 (42S22): Unknown column 'empleados_puestos.empleado_id' in 'on clause'
 MySQL  localhost:3306 ssl  recursos_humanos  SQL > show tables
                                                 -> ;
+----------------------------+
| Tables_in_recursos_humanos |
+----------------------------+
| empleados                  |
| empleados_puestos          |
| puestos                    |
+----------------------------+
3 rows in set (0.0105 sec)
 MySQL  localhost:3306 ssl  recursos_humanos  SQL > desc empleados;
+--------------+------------------------------+------+-----+---------+-------+
| Field        | Type                         | Null | Key | Default | Extra |
+--------------+------------------------------+------+-----+---------+-------+
| id           | int                          | NO   | PRI | NULL    |       |
| nombre       | varchar(255)                 | YES  |     | NULL    |       |
| apellido     | varchar(255)                 | YES  |     | NULL    |       |
| email        | varchar(255)                 | YES  |     | NULL    |       |
| genero       | enum('Masculino','Femenino') | YES  |     | NULL    |       |
| f_nacimiento | date                         | YES  |     | NULL    |       |
| f_ingreso    | date                         | YES  |     | NULL    |       |
+--------------+------------------------------+------+-----+---------+-------+
7 rows in set (0.0019 sec)
 MySQL  localhost:3306 ssl  recursos_humanos  SQL > desc empleados_puestos;
+-----------+------+------+-----+---------+-------+
| Field     | Type | Null | Key | Default | Extra |
+-----------+------+------+-----+---------+-------+
| emp_id    | int  | YES  | MUL | NULL    |       |
| puesto_id | int  | YES  | MUL | NULL    |       |
+-----------+------+------+-----+---------+-------+
2 rows in set (0.0018 sec)
 MySQL  localhost:3306 ssl  recursos_humanos  SQL > desc puestos;
+--------+--------------+------+-----+---------+-------+
| Field  | Type         | Null | Key | Default | Extra |
+--------+--------------+------+-----+---------+-------+
| id     | int          | NO   | PRI | NULL    |       |
| nombre | varchar(255) | YES  |     | NULL    |       |
+--------+--------------+------+-----+---------+-------+
2 rows in set (0.0018 sec)
 MySQL  localhost:3306 ssl  recursos_humanos  SQL > select * from empleados;
+----+--------+----------+----------------------------+-----------+--------------+------------+
| id | nombre | apellido | email                      | genero    | f_nacimiento | f_ingreso  |
+----+--------+----------+----------------------------+-----------+--------------+------------+
|  1 | Juan   | Perez    | juan.perez@example.com     | Masculino | 1990-01-01   | 2020-01-01 |
|  2 | Maria  | Gonzales | maria.gonzales@example.com | Femenino  | 1995-01-01   | 2018-01-01 |
+----+--------+----------+----------------------------+-----------+--------------+------------+
2 rows in set (0.0011 sec)
 MySQL  localhost:3306 ssl  recursos_humanos  SQL > desc empleados;
+--------------+------------------------------+------+-----+---------+-------+
| Field        | Type                         | Null | Key | Default | Extra |
+--------------+------------------------------+------+-----+---------+-------+
| id           | int                          | NO   | PRI | NULL    |       |
| nombre       | varchar(255)                 | YES  |     | NULL    |       |
| apellido     | varchar(255)                 | YES  |     | NULL    |       |
| email        | varchar(255)                 | YES  |     | NULL    |       |
| genero       | enum('Masculino','Femenino') | YES  |     | NULL    |       |
| f_nacimiento | date                         | YES  |     | NULL    |       |
| f_ingreso    | date                         | YES  |     | NULL    |       |
+--------------+------------------------------+------+-----+---------+-------+
7 rows in set (0.0017 sec)
 MySQL  localhost:3306 ssl  recursos_humanos  SQL > select * from empleados;
+----+--------+----------+----------------------------+-----------+--------------+------------+
| id | nombre | apellido | email                      | genero    | f_nacimiento | f_ingreso  |
+----+--------+----------+----------------------------+-----------+--------------+------------+
|  1 | Juan   | Perez    | juan.perez@example.com     | Masculino | 1990-01-01   | 2020-01-01 |
|  2 | Maria  | Gonzales | maria.gonzales@example.com | Femenino  | 1995-01-01   | 2018-01-01 |
+----+--------+----------+----------------------------+-----------+--------------+------------+
2 rows in set (0.0004 sec)
 MySQL  localhost:3306 ssl  recursos_humanos  SQL > desc empleados_puestos;
+-----------+------+------+-----+---------+-------+
| Field     | Type | Null | Key | Default | Extra |
+-----------+------+------+-----+---------+-------+
| emp_id    | int  | YES  | MUL | NULL    |       |
| puesto_id | int  | YES  | MUL | NULL    |       |
+-----------+------+------+-----+---------+-------+
2 rows in set (0.0019 sec)
 MySQL  localhost:3306 ssl  recursos_humanos  SQL > select * from empleados_puestos;
+--------+-----------+
| emp_id | puesto_id |
+--------+-----------+
|      1 |         1 |
|      2 |         2 |
|      2 |         3 |
+--------+-----------+
3 rows in set (0.0005 sec)
 MySQL  localhost:3306 ssl  recursos_humanos  SQL > desc puestos;
+--------+--------------+------+-----+---------+-------+
| Field  | Type         | Null | Key | Default | Extra |
+--------+--------------+------+-----+---------+-------+
| id     | int          | NO   | PRI | NULL    |       |
| nombre | varchar(255) | YES  |     | NULL    |       |
+--------+--------------+------+-----+---------+-------+
2 rows in set (0.0016 sec)
 MySQL  localhost:3306 ssl  recursos_humanos  SQL > select * from puestos;
+----+-----------+
| id | nombre    |
+----+-----------+
|  1 | Gerente   |
|  2 | Asistente |
|  3 | Analista  |
+----+-----------+
3 rows in set (0.0006 sec)
 MySQL  localhost:3306 ssl  recursos_humanos  SQL > insert into empleados( id, nombre, apellido, email, genero, f_nacimiento, f_ingreso) values (526540, 'Angelique', 'Goodwin', 'angelique.goodwin@gmail.com', 'Femenino', '1964-05-15', '2001-01-01');
Query OK, 1 row affected (0.0036 sec)
 MySQL  localhost:3306 ssl  recursos_humanos  SQL > insert into empleados( id, nombre, apellido, email, genero, f_nacimiento, f_ingreso) values (859327, 'Jeni', 'Shaffer', 'jeni.shaffer@gmail.com', 'Femenino', '1962-01-13', '2015-01-01');
Query OK, 1 row affected (0.0023 sec)
 MySQL  localhost:3306 ssl  recursos_humanos  SQL > insert into empleados( id, nombre, apellido, email, genero, f_nacimiento, f_ingreso) values (887387, 'Donald', 'Farris', 'donald.farris@bellsouth.net', 'Masculino', '1978-04-24', '1979-11-01');
Query OK, 1 row affected (0.0031 sec)
 MySQL  localhost:3306 ssl  recursos_humanos  SQL > select * from empleados;
+--------+-----------+----------+-----------------------------+-----------+--------------+------------+
| id     | nombre    | apellido | email                       | genero    | f_nacimiento | f_ingreso  |
+--------+-----------+----------+-----------------------------+-----------+--------------+------------+
|      1 | Juan      | Perez    | juan.perez@example.com      | Masculino | 1990-01-01   | 2020-01-01 |
|      2 | Maria     | Gonzales | maria.gonzales@example.com  | Femenino  | 1995-01-01   | 2018-01-01 |
| 526540 | Angelique | Goodwin  | angelique.goodwin@gmail.com | Femenino  | 1964-05-15   | 2001-01-01 |
| 859327 | Jeni      | Shaffer  | jeni.shaffer@gmail.com      | Femenino  | 1962-01-13   | 2015-01-01 |
| 887387 | Donald    | Farris   | donald.farris@bellsouth.net | Masculino | 1978-04-24   | 1979-11-01 |
+--------+-----------+----------+-----------------------------+-----------+--------------+------------+
5 rows in set (0.0007 sec)
 MySQL  localhost:3306 ssl  recursos_humanos  SQL >